
╭───────────────────────────────────────────────────────────────── v0.3.0-dev ─╮
│  mlaude  ·  local AI agent                                                   │
│                                                                              │
│    Model     gemma4:e4b                                                      │
│    Runtime   http://127.0.0.1:1234                                           │
│    Tools     14 loaded                                                       │
│    Home      /Users/sourrrish/.mlaude                                        │
│                                                                              │
│    Type a message or /help for commands · Ctrl+C to interrupt                │
╰──────────────────────────────────────────────────────────────────────────────╯

[?12l[?25h❯ Hello, who are you?
[K  (⊙_⊙) thinking...[K  (◕‿◕) thinking...[K  (≧▽≦) thinking...[K  (╹◡╹) thinking...[K  (✿◠‿◠) thinking...[K  (◉‿◉) thinking...[K  (⊙_⊙) thinking...[K  (◕‿◕) thinking...[K  (≧▽≦) pondering...[K  (╹◡╹) pondering...[K  (✿◠‿◠) pondering...[K  (◉‿◉) pondering...[K  (⊙_⊙) pondering...[K  (◕‿◕) pondering...[K  (≧▽≦) pondering...[K  (╹◡╹) pondering...[K  (✿◠‿◠) reasoning...[K  (◉‿◉) reasoning...[K  (⊙_⊙) reasoning...[K  (◕‿◕) reasoning...[K  (≧▽≦) reasoning...[K  (╹◡╹) reasoning...[K  (✿◠‿◠) reasoning...[K  (◉‿◉) reasoning...[K  (⊙_⊙) analyzing...[K  (◕‿◕) analyzing...[K  (≧▽≦) analyzing...[K  (╹◡╹) analyzing...[K  (✿◠‿◠) analyzing...[K  (◉‿◉) analyzing...[K  (⊙_⊙) analyzing...[K  (◕‿◕) analyzing...[K  (≧▽≦) considering...[K  (╹◡╹) considering...[K  (✿◠‿◠) considering...[K  (◉‿◉) considering...[K  (⊙_⊙) considering...[K  (◕‿◕) considering...[K
╭─ mlaude ─────────────────────────────────────────────────────────────────────╮
│                                                                              │
│  I am mlaude, a powerful AI coding assistant running locally. I can help     │
│  you with tasks like writing, debugging, testing, and optimizing code in     │
│  various languages.                                                          │
│                                                                              │
│  How can I assist you today?                                                 │
│                                                                              │
╰──────────────────────────────────────────────────────────────────────────────╯

  (1 API call)
❯ /delete
Unknown command: /delete
❯ /resume
                            Recent Sessions                            
┏━━━━━━━━━━━━━━┳━━━━━━━━━━━━━━━━━━━━━┳━━━━━━━━━━┳━━━━━━━━━━━━━━━━━━━━━┓
┃ ID           ┃ Title               ┃ Platform ┃ Updated             ┃
┡━━━━━━━━━━━━━━╇━━━━━━━━━━━━━━━━━━━━━╇━━━━━━━━━━╇━━━━━━━━━━━━━━━━━━━━━┩
│ 2cfdb400b152 │ Hello, who are you? │ cli      │ 2026-04-26T21:06:39 │
│ 137f788c136b │ Hello, who are you? │ cli      │ 2026-04-26T21:05:57 │
│ 3aa6bf50f9da │ (untitled)          │ cli      │ 2026-04-26T21:05:19 │
└──────────────┴─────────────────────┴──────────┴─────────────────────┘
Usage: /resume <session_id>
❯ /system
You are mlaude, a powerful AI coding assistant running locally.

You have access to tools for file operations, terminal commands, web search, 
browser automation, and more.

Rules:
- Use tools to gathe
❯ /history
  user: Hello, who are you?
  assistant: I am mlaude, a powerful AI coding assistant running locally. I can 
help you with tasks like writing,
❯ /model nonexistent-123
Model set to: nonexistent-123
❯ Are you there?
[K  (⊙_⊙) thinking...[K  (◕‿◕) thinking...[K  (≧▽≦) thinking...[K  (╹◡╹) thinking...[K  (✿◠‿◠) thinking...[K  (◉‿◉) thinking...[K  (⊙_⊙) thinking...[K  (◕‿◕) thinking...[K  (≧▽≦) pondering...[K  (╹◡╹) pondering...[K  (✿◠‿◠) pondering...[K  (◉‿◉) pondering...[K
╭─ mlaude ─────────────────────────────────────────────────────────────────────╮
│                                                                              │
│  Yes, I'm here! How can I assist you further?                                │
│                                                                              │
╰──────────────────────────────────────────────────────────────────────────────╯

  (1 API call)
❯ /version
mlaude v0.3.0-dev
❯ 

Goodbye.
/quit
